C> (client:27424) [2010-01-14:14-00-21] [2-0-0x622bc0-MqLinkCreate]: START-CREATE: io->com<PIPE>
C> (client:27424) [2010-01-14:14-00-21] [4-0-0x622bc0-pEventCreate]: TSD-Id<0x628f70>, Thread-Id<0x2aec1a35c6f0>
C> (client:27424) [2010-01-14:14-00-21] [4-0-0x622bc0-PipeCreate]: create SOCKETPAIR -> sock[0]<3>, sock[1]<4>
S> (server:27425) [2010-01-14:14-00-21] [2-0-0x623010-MqLinkCreate]: START-CREATE: io->com<PIPE>
S> (server:27425) [2010-01-14:14-00-21] [4-0-0x623010-pEventCreate]: TSD-Id<0x6295e0>, Thread-Id<0x2aad576806f0>
S> (server:27425) [2010-01-14:14-00-21] [4-0-0x623010-PipeCreate]: get SOCKET -> 4
S> (server:27425) [2010-01-14:14-00-21] [4-0-0x623010-pEventAdd]: sock<4> DataLCur<1>
S> (server:27425) [2010-01-14:14-00-21] [4-0-0x623010-sWaitForToken]: wait for token<_IAA>
S> (server:27425) [2010-01-14:14-00-21] [6-0-0x623010-MqProcessEvent]: START
S> (server:27425) [2010-01-14:14-00-21] [6-0-0x623010-pWaitOnEvent]: START loop
C> (client:27424) [2010-01-14:14-00-21] [5-0-0x622bc0-SysCloseSocket]: pIoStartServer - close socket<4>
C> (client:27424) [2010-01-14:14-00-21] [4-0-0x622bc0-pIoStartServer]: finish start server './server' as 'spawn' with ID '27425'
C> (client:27424) [2010-01-14:14-00-21] [4-0-0x622bc0-pEventAdd]: sock<3> DataLCur<1>
C> (client:27424) [2010-01-14:14-00-21] [4-0-0x622bc0-MqLinkCreate]: send token<_IAA>
S> (server:27425) [2010-01-14:14-00-21] [6-0-0x623010-pWaitOnEvent]: END-OK
S> (server:27425) [2010-01-14:14-00-21] [6-0-0x623010-sMqEventStart]: START
S> (server:27425) [2010-01-14:14-00-21] [5-0-0x623010-pReadHDR]: HEADER <HDR+       0+      27+_IAA+1++++O+> ...
S> (server:27425) [2010-01-14:14-00-21] [6-0-0x623010-pReadHDR]: BDY -> 39 bytes
S> (server:27425) [2010-01-14:14-00-21] [7-0-0x623010-pReadHDR]: >>>>> BDY size<26> numItems<2>
S> (server:27425) [2010-01-14:14-00-21] [7-0-0x623010-pReadHDR]:       1 : STR : 0
S> (server:27425) [2010-01-14:14-00-21] [7-0-0x623010-pReadHDR]:       1 : STR : 0
S> (server:27425) [2010-01-14:14-00-21] [7-0-0x623010-pReadHDR]: <<<<< BDY
S> (server:27425) [2010-01-14:14-00-21] [5-0-0x623010-pTokenCheckSystem]: check token<_IAA>
S> (server:27425) [2010-01-14:14-00-21] [6-0-0x623010-MqProcessEvent]: END-OK
S> (server:27425) [2010-01-14:14-00-21] [4-0-0x623010-sWaitForToken]: got token<_IAA>
S> (server:27425) [2010-01-14:14-00-21] [4-0-0x623010-pTokenAddHdl]: HANDEL SERVICE ADD CSV1: proc<0x403820>, data<(nil)>
S> (server:27425) [2010-01-14:14-00-21] [4-0-0x623010-pTokenAddHdl]: HANDEL SERVICE ADD ERR1: proc<0x404c40>, data<(nil)>
S> (server:27425) [2010-01-14:14-00-21] [4-0-0x623010-pTokenAddHdl]: HANDEL SERVICE ADD ERR2: proc<0x4040c0>, data<(nil)>
S> (server:27425) [2010-01-14:14-00-21] [4-0-0x623010-pTokenAddHdl]: HANDEL SERVICE ADD ERR3: proc<0x402890>, data<(nil)>
S> (server:27425) [2010-01-14:14-00-21] [4-0-0x623010-pTokenAddHdl]: HANDEL SERVICE ADD ERR4: proc<0x404c30>, data<(nil)>
S> (server:27425) [2010-01-14:14-00-21] [4-0-0x623010-pTokenAddHdl]: HANDEL SERVICE ADD ECOU: proc<0x4032e0>, data<(nil)>
S> (server:27425) [2010-01-14:14-00-21] [4-0-0x623010-pTokenAddHdl]: HANDEL SERVICE ADD ECON: proc<0x4029b0>, data<(nil)>
S> (server:27425) [2010-01-14:14-00-21] [4-0-0x623010-pTokenAddHdl]: HANDEL SERVICE ADD ECOI: proc<0x4028f0>, data<(nil)>
S> (server:27425) [2010-01-14:14-00-21] [4-0-0x623010-pTokenAddHdl]: HANDEL SERVICE ADD ECOY: proc<0x404680>, data<(nil)>
S> (server:27425) [2010-01-14:14-00-21] [4-0-0x623010-pTokenAddHdl]: HANDEL SERVICE ADD ECOO: proc<0x402a10>, data<(nil)>
S> (server:27425) [2010-01-14:14-00-21] [4-0-0x623010-pTokenAddHdl]: HANDEL SERVICE ADD ECOS: proc<0x4047f0>, data<(nil)>
S> (server:27425) [2010-01-14:14-00-21] [4-0-0x623010-pTokenAddHdl]: HANDEL SERVICE ADD ECOW: proc<0x402930>, data<(nil)>
S> (server:27425) [2010-01-14:14-00-21] [4-0-0x623010-pTokenAddHdl]: HANDEL SERVICE ADD ECOD: proc<0x404bf0>, data<(nil)>
S> (server:27425) [2010-01-14:14-00-21] [4-0-0x623010-pTokenAddHdl]: HANDEL SERVICE ADD ECOF: proc<0x404bb0>, data<(nil)>
S> (server:27425) [2010-01-14:14-00-21] [4-0-0x623010-pTokenAddHdl]: HANDEL SERVICE ADD ECOC: proc<0x402970>, data<(nil)>
S> (server:27425) [2010-01-14:14-00-21] [4-0-0x623010-pTokenAddHdl]: HANDEL SERVICE ADD ECOB: proc<0x404b70>, data<(nil)>
S> (server:27425) [2010-01-14:14-00-21] [4-0-0x623010-pTokenAddHdl]: HANDEL SERVICE ADD ECLI: proc<0x404af0>, data<(nil)>
S> (server:27425) [2010-01-14:14-00-21] [4-0-0x623010-pTokenAddHdl]: HANDEL SERVICE ADD ECOL: proc<0x404aa0>, data<(nil)>
S> (server:27425) [2010-01-14:14-00-21] [4-0-0x623010-pTokenAddHdl]: HANDEL SERVICE ADD ECOM: proc<0x404160>, data<(nil)>
S> (server:27425) [2010-01-14:14-00-21] [4-0-0x623010-pTokenAddHdl]: HANDEL SERVICE ADD ECUL: proc<0x404730>, data<(nil)>
S> (server:27425) [2010-01-14:14-00-21] [4-0-0x623010-pTokenAddHdl]: HANDEL SERVICE ADD GETU: proc<0x4032b0>, data<(nil)>
S> (server:27425) [2010-01-14:14-00-21] [4-0-0x623010-pTokenAddHdl]: HANDEL SERVICE ADD GTCX: proc<0x403350>, data<(nil)>
S> (server:27425) [2010-01-14:14-00-21] [4-0-0x623010-pTokenAddHdl]: HANDEL SERVICE ADD GTTO: proc<0x403430>, data<(nil)>
S> (server:27425) [2010-01-14:14-00-21] [4-0-0x623010-pTokenAddHdl]: HANDEL SERVICE ADD GTSI: proc<0x4048e0>, data<(nil)>
S> (server:27425) [2010-01-14:14-00-21] [4-0-0x623010-pTokenAddHdl]: HANDEL SERVICE ADD MSQT: proc<0x404830>, data<(nil)>
S> (server:27425) [2010-01-14:14-00-21] [4-0-0x623010-pTokenAddHdl]: HANDEL SERVICE ADD RDUL: proc<0x4046c0>, data<(nil)>
S> (server:27425) [2010-01-14:14-00-21] [4-0-0x623010-pTokenAddHdl]: HANDEL SERVICE ADD REDI: proc<0x4028d0>, data<(nil)>
S> (server:27425) [2010-01-14:14-00-21] [4-0-0x623010-pTokenAddHdl]: HANDEL SERVICE ADD SETU: proc<0x403230>, data<(nil)>
S> (server:27425) [2010-01-14:14-00-21] [4-0-0x623010-pTokenAddHdl]: HANDEL SERVICE ADD SLEP: proc<0x404630>, data<(nil)>
S> (server:27425) [2010-01-14:14-00-21] [4-0-0x623010-pTokenAddHdl]: HANDEL SERVICE ADD SND1: proc<0x4041f0>, data<(nil)>
S> (server:27425) [2010-01-14:14-00-21] [4-0-0x623010-pTokenAddHdl]: HANDEL SERVICE ADD SND2: proc<0x403a60>, data<(nil)>
S> (server:27425) [2010-01-14:14-00-21] [4-0-0x623010-pTokenAddHdl]: HANDEL SERVICE ADD USLP: proc<0x4037d0>, data<(nil)>
S> (server:27425) [2010-01-14:14-00-21] [4-0-0x623010-pTokenAddHdl]: HANDEL SERVICE ADD BUF1: proc<0x403610>, data<(nil)>
S> (server:27425) [2010-01-14:14-00-21] [4-0-0x623010-pTokenAddHdl]: HANDEL SERVICE ADD BUF2: proc<0x403580>, data<(nil)>
S> (server:27425) [2010-01-14:14-00-21] [4-0-0x623010-pTokenAddHdl]: HANDEL SERVICE ADD BUF3: proc<0x4034e0>, data<(nil)>
S> (server:27425) [2010-01-14:14-00-21] [4-0-0x623010-pTokenAddHdl]: HANDEL SERVICE ADD LST1: proc<0x4034c0>, data<(nil)>
S> (server:27425) [2010-01-14:14-00-21] [4-0-0x623010-pTokenAddHdl]: HANDEL SERVICE ADD LST2: proc<0x4034a0>, data<(nil)>
S> (server:27425) [2010-01-14:14-00-21] [4-0-0x623010-pTokenAddHdl]: HANDEL SERVICE ADD INIT: proc<0x403460>, data<(nil)>
S> (server:27425) [2010-01-14:14-00-21] [4-0-0x623010-pTokenAddHdl]: HANDEL SERVICE ADD CNFG: proc<0x403380>, data<(nil)>
S> (server:27425) [2010-01-14:14-00-21] [4-0-0x623010-pTokenAddHdl]: HANDEL SERVICE ADD ERLR: proc<0x403320>, data<(nil)>
S> (server:27425) [2010-01-14:14-00-21] [4-0-0x623010-pTokenAddHdl]: HANDEL SERVICE ADD ERLS: proc<0x403240>, data<(nil)>
S> (server:27425) [2010-01-14:14-00-21] [4-0-0x623010-pTokenAddHdl]: HANDEL SERVICE ADD CFG1: proc<0x402a50>, data<(nil)>
S> (server:27425) [2010-01-14:14-00-21] [4-0-0x623010-pTokenAddHdl]: HANDEL SERVICE ADD PRNT: proc<0x402830>, data<(nil)>
S> (server:27425) [2010-01-14:14-00-21] [2-0-0x623010-MqLinkCreate]: END-CREATE string<no>, silent<no>, debug<9>, endian<0>
S> (server:27425) [2010-01-14:14-00-21] [4-0-0x623010-MqProcessEvent]: send token<_PEO>
S> (server:27425) [2010-01-14:14-00-21] [6-0-0x623010-MqProcessEvent]: START
S> (server:27425) [2010-01-14:14-00-21] [6-0-0x623010-pWaitOnEvent]: START loop
C> (client:27424) [2010-01-14:14-00-21] [6-0-0x622bc0-MqProcessEvent]: START
C> (client:27424) [2010-01-14:14-00-21] [6-0-0x622bc0-pWaitOnEvent]: START loop
C> (client:27424) [2010-01-14:14-00-21] [6-0-0x622bc0-pWaitOnEvent]: END-OK
C> (client:27424) [2010-01-14:14-00-21] [6-0-0x622bc0-sMqEventStart]: START
C> (client:27424) [2010-01-14:14-00-21] [5-0-0x622bc0-pReadHDR]: HEADER <HDR+       0+      1a+_SRT+1++++O+> ...
C> (client:27424) [2010-01-14:14-00-21] [6-0-0x622bc0-pReadHDR]: BDY -> 26 bytes
C> (client:27424) [2010-01-14:14-00-21] [5-0-0x622bc0-pTokenCheckSystem]: check token<_SRT>
C> (client:27424) [2010-01-14:14-00-21] [6-0-0x622bc0-MqProcessEvent]: END-OK
C> (client:27424) [2010-01-14:14-00-21] [4-0-0x622bc0-sWaitForToken]: wait for token<_PEO>
C> (client:27424) [2010-01-14:14-00-21] [6-0-0x622bc0-MqProcessEvent]: START
C> (client:27424) [2010-01-14:14-00-21] [6-0-0x622bc0-pWaitOnEvent]: START loop
C> (client:27424) [2010-01-14:14-00-21] [6-0-0x622bc0-pWaitOnEvent]: END-OK
C> (client:27424) [2010-01-14:14-00-21] [6-0-0x622bc0-sMqEventStart]: START
C> (client:27424) [2010-01-14:14-00-21] [5-0-0x622bc0-pReadHDR]: HEADER <HDR+       0+       0+_PEO+0++++O+> ...
C> (client:27424) [2010-01-14:14-00-21] [5-0-0x622bc0-pTokenCheckSystem]: check token<_PEO>
C> (client:27424) [2010-01-14:14-00-21] [6-0-0x622bc0-MqProcessEvent]: END-OK
C> (client:27424) [2010-01-14:14-00-21] [4-0-0x622bc0-sWaitForToken]: got token<_PEO>
C> (client:27424) [2010-01-14:14-00-21] [2-0-0x622bc0-MqLinkCreate]: END-CREATE string<no>, silent<no>, debug<9>, endian<0>
S> (server:27425) [2010-01-14:14-00-21] [6-0-0x623010-pWaitOnEvent]: END-OK
S> (server:27425) [2010-01-14:14-00-21] [6-0-0x623010-sMqEventStart]: START
S> (server:27425) [2010-01-14:14-00-21] [5-0-0x623010-pReadHDR]: HEADER <HDR+       0+     401+ECOU+1++++O+> ...
S> (server:27425) [2010-01-14:14-00-21] [6-0-0x623010-pReadHDR]: BDY -> 1025 bytes
S> (server:27425) [2010-01-14:14-00-21] [7-0-0x623010-pReadHDR]: >>>>> BDY size<1012> numItems<1>
S> (server:27425) [2010-01-14:14-00-21] [7-0-0x623010-pReadHDR]:    1000 : BIN : ?binary?
S> (server:27425) [2010-01-14:14-00-21] [7-0-0x623010-pReadHDR]: <<<<< BDY
S> (server:27425) [2010-01-14:14-00-21] [5-0-0x623010-pTokenCheckSystem]: check token<ECOU>
S> (server:27425) [2010-01-14:14-00-21] [6-0-0x623010-sMqEventStart]: END-OK
S> (server:27425) [2010-01-14:14-00-21] [6-0-0x623010-pWaitOnEvent]: START loop
C> (client:27424) [2010-01-14:14-00-21] [6-0-0x622bc0-MqProcessEvent]: START
C> (client:27424) [2010-01-14:14-00-21] [6-0-0x622bc0-pWaitOnEvent]: START loop
C> (client:27424) [2010-01-14:14-00-21] [6-0-0x622bc0-pWaitOnEvent]: END-OK
C> (client:27424) [2010-01-14:14-00-21] [6-0-0x622bc0-sMqEventStart]: START
C> (client:27424) [2010-01-14:14-00-21] [5-0-0x622bc0-pReadHDR]: HEADER <HDR+       0+     401+_RET+1++++O+> ...
C> (client:27424) [2010-01-14:14-00-21] [6-0-0x622bc0-pReadHDR]: BDY -> 1025 bytes
C> (client:27424) [2010-01-14:14-00-21] [7-0-0x622bc0-pReadHDR]: >>>>> BDY size<1012> numItems<1>
C> (client:27424) [2010-01-14:14-00-21] [7-0-0x622bc0-pReadHDR]:    1000 : BIN : ?binary?
C> (client:27424) [2010-01-14:14-00-21] [7-0-0x622bc0-pReadHDR]: <<<<< BDY
C> (client:27424) [2010-01-14:14-00-21] [5-0-0x622bc0-pTokenCheckSystem]: check token<_RET>
C> (client:27424) [2010-01-14:14-00-21] [6-0-0x622bc0-MqProcessEvent]: END-OK
C> (client:27424) [2010-01-14:14-00-21] [0-0-0x622bc0-main]: start: --------------------------------------
S> (server:27425) [2010-01-14:14-00-21] [6-0-0x623010-pWaitOnEvent]: END-OK
S> (server:27425) [2010-01-14:14-00-21] [6-0-0x623010-sMqEventStart]: START
S> (server:27425) [2010-01-14:14-00-21] [5-0-0x623010-pReadHDR]: HEADER <HDR+       0+      35+ECUL+1++++O+> ...
S> (server:27425) [2010-01-14:14-00-21] [6-0-0x623010-pReadHDR]: BDY -> 53 bytes
S> (server:27425) [2010-01-14:14-00-21] [7-0-0x623010-pReadHDR]: >>>>> BDY size<40> numItems<5>
S> (server:27425) [2010-01-14:14-00-21] [7-0-0x623010-pReadHDR]:       1 : BYT : -128
S> (server:27425) [2010-01-14:14-00-21] [7-0-0x623010-pReadHDR]:       2 : SRT : -32768
S> (server:27425) [2010-01-14:14-00-21] [7-0-0x623010-pReadHDR]:       4 : INT : -2147483648
S> (server:27425) [2010-01-14:14-00-21] [7-0-0x623010-pReadHDR]:       8 : WID : -9223372036854775808
S> (server:27425) [2010-01-14:14-00-21] [7-0-0x623010-pReadHDR]:       1 : BIN : ?binary?
S> (server:27425) [2010-01-14:14-00-21] [7-0-0x623010-pReadHDR]: <<<<< BDY
S> (server:27425) [2010-01-14:14-00-21] [5-0-0x623010-pTokenCheckSystem]: check token<ECUL>
S> (server:27425) [2010-01-14:14-00-21] [6-0-0x623010-sMqEventStart]: END-OK
S> (server:27425) [2010-01-14:14-00-21] [6-0-0x623010-pWaitOnEvent]: START loop
C> (client:27424) [2010-01-14:14-00-21] [6-0-0x622bc0-MqProcessEvent]: START
C> (client:27424) [2010-01-14:14-00-21] [6-0-0x622bc0-pWaitOnEvent]: START loop
C> (client:27424) [2010-01-14:14-00-21] [6-0-0x622bc0-pWaitOnEvent]: END-OK
C> (client:27424) [2010-01-14:14-00-21] [6-0-0x622bc0-sMqEventStart]: START
C> (client:27424) [2010-01-14:14-00-21] [5-0-0x622bc0-pReadHDR]: HEADER <HDR+       0+      35+_RET+1++++O+> ...
C> (client:27424) [2010-01-14:14-00-21] [6-0-0x622bc0-pReadHDR]: BDY -> 53 bytes
C> (client:27424) [2010-01-14:14-00-21] [7-0-0x622bc0-pReadHDR]: >>>>> BDY size<40> numItems<5>
C> (client:27424) [2010-01-14:14-00-21] [7-0-0x622bc0-pReadHDR]:       1 : BYT : -128
C> (client:27424) [2010-01-14:14-00-21] [7-0-0x622bc0-pReadHDR]:       2 : SRT : -32768
C> (client:27424) [2010-01-14:14-00-21] [7-0-0x622bc0-pReadHDR]:       4 : INT : -2147483648
C> (client:27424) [2010-01-14:14-00-21] [7-0-0x622bc0-pReadHDR]:       8 : WID : -9223372036854775808
C> (client:27424) [2010-01-14:14-00-21] [7-0-0x622bc0-pReadHDR]:       1 : BIN : ?binary?
C> (client:27424) [2010-01-14:14-00-21] [7-0-0x622bc0-pReadHDR]: <<<<< BDY
C> (client:27424) [2010-01-14:14-00-21] [5-0-0x622bc0-pTokenCheckSystem]: check token<_RET>
C> (client:27424) [2010-01-14:14-00-21] [6-0-0x622bc0-MqProcessEvent]: END-OK
C> (client:27424) [2010-01-14:14-00-21] [0-0-0x622bc0-statistics]:             MqSendEND_AND_WAIT:     464.00
C> (client:27424) [2010-01-14:14-00-21] [0-0-0x622bc0-main]: end: ----------------------------------------
C> (client:27424) [2010-01-14:14-00-21] [3-0-0x622bc0-MqExit]: EXIT
C> (client:27424) [2010-01-14:14-00-21] [4-0-0x622bc0-pMqShutdown]: START shutdown
C> (client:27424) [2010-01-14:14-00-21] [4-0-0x622bc0-pMqShutdown]: send token<_SHD>
S> (server:27425) [2010-01-14:14-00-21] [6-0-0x623010-pWaitOnEvent]: END-OK
S> (server:27425) [2010-01-14:14-00-21] [6-0-0x623010-sMqEventStart]: START
S> (server:27425) [2010-01-14:14-00-21] [5-0-0x623010-pReadHDR]: HEADER <HDR+       0+       0+_SHD+1++++O+> ...
S> (server:27425) [2010-01-14:14-00-21] [5-0-0x623010-pTokenCheckSystem]: check token<_SHD>
S> (server:27425) [2010-01-14:14-00-21] [4-0-0x623010-pMqShutdown]: START shutdown
S> (server:27425) [2010-01-14:14-00-21] [4-0-0x623010-pEventShutdown]: sock<4> DataLCur<0>
S> (server:27425) [2010-01-14:14-00-21] [4-0-0x623010-pMqShutdown]: END shutdown
S> (server:27425) [2010-01-14:14-00-21] [5-0-0x623010-MqProcessEvent]: detect EXIT in file 'service.c'
S> (server:27425) [2010-01-14:14-00-21] [3-0-0x623010-MqExit]: EXIT
S> (server:27425) [2010-01-14:14-00-21] [5-0-0x623010-SysCloseSocket]: PipeDelete - shutdown socket<4>
S> (server:27425) [2010-01-14:14-00-21] [5-0-0x623010-SysCloseSocket]: PipeDelete - close socket<4>
S> (server:27425) [2010-01-14:14-00-21] [2-0-0x623010-MqLinkDelete]: DELETE 
C> (client:27424) [2010-01-14:14-00-21] [6-0-0x622bc0-MqProcessEvent]: START
C> (client:27424) [2010-01-14:14-00-21] [6-0-0x622bc0-pWaitOnEvent]: START loop
C> (client:27424) [2010-01-14:14-00-21] [6-0-0x622bc0-pWaitOnEvent]: END-OK
C> (client:27424) [2010-01-14:14-00-21] [6-0-0x622bc0-sMqEventStart]: START
C> (client:27424) [2010-01-14:14-00-21] [5-0-0x622bc0-pReadHDR]: HEADER <HDR+       0+      1e+_RET+1++++O+> ...
C> (client:27424) [2010-01-14:14-00-21] [6-0-0x622bc0-pReadHDR]: BDY -> 30 bytes
C> (client:27424) [2010-01-14:14-00-21] [7-0-0x622bc0-pReadHDR]: >>>>> BDY size<17> numItems<1>
C> (client:27424) [2010-01-14:14-00-21] [7-0-0x622bc0-pReadHDR]:       5 : STR : dummy
C> (client:27424) [2010-01-14:14-00-21] [7-0-0x622bc0-pReadHDR]: <<<<< BDY
C> (client:27424) [2010-01-14:14-00-21] [5-0-0x622bc0-pTokenCheckSystem]: check token<_RET>
C> (client:27424) [2010-01-14:14-00-21] [6-0-0x622bc0-MqProcessEvent]: END-OK
C> (client:27424) [2010-01-14:14-00-21] [4-0-0x622bc0-pEventShutdown]: sock<3> DataLCur<0>
C> (client:27424) [2010-01-14:14-00-21] [4-0-0x622bc0-pMqShutdown]: END shutdown
C> (client:27424) [2010-01-14:14-00-21] [5-0-0x622bc0-SysCloseSocket]: PipeDelete - shutdown socket<3>
C> (client:27424) [2010-01-14:14-00-21] [5-0-0x622bc0-SysCloseSocket]: PipeDelete - close socket<3>
C> (client:27424) [2010-01-14:14-00-21] [2-0-0x622bc0-MqLinkDelete]: DELETE 
