C> (client:14947:0x2ac96d503b20) [2010-11-30:12-07-23] [2-0-0-0x62ebc0-MqLinkPrepare]: PREPARE: io->com<PIPE>
C> (client:14947:0x2ac96d503b20) [2010-11-30:12-07-23] [2-0-0-0x62ebc0-MqLinkCreate]: START: io->com<PIPE>
C> (client:14947:0x2ac96d503b20) [2010-11-30:12-07-23] [5-0-0-0x62ebc0-pTokenAddHdl]: HANDEL SERVICE ADD +TRT: proc<0x420049>, data<(nil)>
C> (client:14947:0x2ac96d503b20) [2010-11-30:12-07-23] [4-0-0-0x62ebc0-pEventCreate]: TLS-Id<0x635200>
C> (client:14947:0x2ac96d503b20) [2010-11-30:12-07-23] [4-0-0-0x62ebc0-PipeCreate]: create SOCKETPAIR -> sock[0]<3>, sock[1]<4>
C> (client:14947:0x2ac96d503b20) [2010-11-30:12-07-23] [4-0-0-0x62ebc0-MqLinkConnect]: START
S> (server:14948:0x2ab01eed6b20) [2010-11-30:12-07-23] [2-0-1-0x630010-MqLinkPrepare]: PREPARE: io->com<PIPE>
S> (server:14948:0x2ab01eed6b20) [2010-11-30:12-07-23] [2-0-1-0x630010-MqLinkCreate]: START: io->com<PIPE>
S> (server:14948:0x2ab01eed6b20) [2010-11-30:12-07-23] [5-0-1-0x630010-pTokenAddHdl]: HANDEL SERVICE ADD +TRT: proc<0x4229f5>, data<(nil)>
S> (server:14948:0x2ab01eed6b20) [2010-11-30:12-07-23] [4-0-1-0x630010-pEventCreate]: TLS-Id<0x6368e0>
S> (server:14948:0x2ab01eed6b20) [2010-11-30:12-07-23] [4-0-1-0x630010-PipeCreate]: get SOCKET -> 4
S> (server:14948:0x2ab01eed6b20) [2010-11-30:12-07-23] [4-0-1-0x630010-pEventAdd]: TLS-Id<0x6368e0> Socket<4> DataLCur<0>
S> (server:14948:0x2ab01eed6b20) [2010-11-30:12-07-23] [4-0-1-0x630010-sWaitForToken]: wait for token<_IAA>
S> (server:14948:0x2ab01eed6b20) [2010-11-30:12-07-23] [6-0-1-0x630010-MqProcessEvent]: START
S> (server:14948:0x2ab01eed6b20) [2010-11-30:12-07-23] [6-0-2-0x630010-pWaitOnEvent]: START loop
C> (client:14947:0x2ac96d503b20) [2010-11-30:12-07-23] [5-0-0-0x62ebc0-SysCloseSocket]: pIoStartServer - close socket<4>
C> (client:14947:0x2ac96d503b20) [2010-11-30:12-07-23] [4-0-0-0x62ebc0-pIoStartServer]: finish start server './server' as 'spawn' with ID '14948'
C> (client:14947:0x2ac96d503b20) [2010-11-30:12-07-23] [4-0-0-0x62ebc0-pEventAdd]: TLS-Id<0x635200> Socket<3> DataLCur<0>
C> (client:14947:0x2ac96d503b20) [2010-11-30:12-07-23] [4-0-0-0x62ebc0-MqLinkConnect]: send token<_IAA>
C> (client:14947:0x2ac96d503b20) [2010-11-30:12-07-23] [6-0-0-0x62ebc0-MqProcessEvent]: START
S> (server:14948:0x2ab01eed6b20) [2010-11-30:12-07-23] [6-0-2-0x630010-pWaitOnEvent]: END-OK
C> (client:14947:0x2ac96d503b20) [2010-11-30:12-07-23] [6-0-1-0x62ebc0-pWaitOnEvent]: START loop
S> (server:14948:0x2ab01eed6b20) [2010-11-30:12-07-23] [6-0-3-0x630010-sMqEventStart]: START
S> (server:14948:0x2ab01eed6b20) [2010-11-30:12-07-23] [5-0-3-0x630010-pReadHDR]: HEADER <HDR+       0+      3f+_IAA+1++++S+> ...
S> (server:14948:0x2ab01eed6b20) [2010-11-30:12-07-23] [6-0-3-0x630010-pReadHDR]: BDY -> 63 bytes
S> (server:14948:0x2ab01eed6b20) [2010-11-30:12-07-23] [7-0-3-0x630010-pReadHDR]: >>>>> BDY size<50> numItems<4>
S> (server:14948:0x2ab01eed6b20) [2010-11-30:12-07-23] [7-0-3-0x630010-pReadHDR]:       1 : STR : 0
S> (server:14948:0x2ab01eed6b20) [2010-11-30:12-07-23] [7-0-3-0x630010-pReadHDR]:       1 : STR : 0
S> (server:14948:0x2ab01eed6b20) [2010-11-30:12-07-23] [7-0-3-0x630010-pReadHDR]:       0 : STR : 
S> (server:14948:0x2ab01eed6b20) [2010-11-30:12-07-23] [7-0-3-0x630010-pReadHDR]:       0 : STR : 
S> (server:14948:0x2ab01eed6b20) [2010-11-30:12-07-23] [7-0-3-0x630010-pReadHDR]: <<<<< BDY
S> (server:14948:0x2ab01eed6b20) [2010-11-30:12-07-23] [5-0-3-0x630010-pTokenCheckSystem]: check token<_IAA>
S> (server:14948:0x2ab01eed6b20) [2010-11-30:12-07-23] [6-0-2-0x630010-MqProcessEvent]: END-OK
S> (server:14948:0x2ab01eed6b20) [2010-11-30:12-07-23] [4-0-1-0x630010-sWaitForToken]: got token<_IAA>
S> (server:14948:0x2ab01eed6b20) [2010-11-30:12-07-23] [8-0-1-0x630010-MqLinkCreate]: call: ServerSetup -> START
S> (server:14948:0x2ab01eed6b20) [2010-11-30:12-07-23] [5-0-2-0x630010-pTokenAddHdl]: HANDEL SERVICE ADD CSV1: proc<0x402f97>, data<(nil)>
S> (server:14948:0x2ab01eed6b20) [2010-11-30:12-07-23] [5-0-2-0x630010-pTokenAddHdl]: HANDEL SERVICE ADD ERR1: proc<0x402324>, data<(nil)>
C> (client:14947:0x2ac96d503b20) [2010-11-30:12-07-23] [6-0-1-0x62ebc0-pWaitOnEvent]: END-OK
C> (client:14947:0x2ac96d503b20) [2010-11-30:12-07-23] [6-0-2-0x62ebc0-sMqEventStart]: START
C> (client:14947:0x2ac96d503b20) [2010-11-30:12-07-23] [5-0-2-0x62ebc0-pReadHDR]: HEADER <HDR+       0+      31+_SRT+1++++O+> ...
C> (client:14947:0x2ac96d503b20) [2010-11-30:12-07-23] [6-0-2-0x62ebc0-pReadHDR]: BDY -> 49 bytes
C> (client:14947:0x2ac96d503b20) [2010-11-30:12-07-23] [5-0-2-0x62ebc0-pTokenCheckSystem]: check token<_SRT>
C> (client:14947:0x2ac96d503b20) [2010-11-30:12-07-23] [6-0-1-0x62ebc0-MqProcessEvent]: END-OK
C> (client:14947:0x2ac96d503b20) [2010-11-30:12-07-23] [4-0-0-0x62ebc0-sWaitForToken]: wait for token<_PEO>
C> (client:14947:0x2ac96d503b20) [2010-11-30:12-07-23] [6-0-0-0x62ebc0-MqProcessEvent]: START
C> (client:14947:0x2ac96d503b20) [2010-11-30:12-07-23] [6-0-1-0x62ebc0-pWaitOnEvent]: START loop
C> (client:14947:0x2ac96d503b20) [2010-11-30:12-07-23] [6-0-1-0x62ebc0-pWaitOnEvent]: END-OK
C> (client:14947:0x2ac96d503b20) [2010-11-30:12-07-23] [6-0-2-0x62ebc0-sMqEventStart]: START
C> (client:14947:0x2ac96d503b20) [2010-11-30:12-07-23] [5-0-2-0x62ebc0-pReadHDR]: HEADER <HDR+       0+       0+_PEO+0++++S+> ...
C> (client:14947:0x2ac96d503b20) [2010-11-30:12-07-23] [5-0-2-0x62ebc0-pTokenCheckSystem]: check token<_PEO>
C> (client:14947:0x2ac96d503b20) [2010-11-30:12-07-23] [6-0-1-0x62ebc0-MqProcessEvent]: END-OK
C> (client:14947:0x2ac96d503b20) [2010-11-30:12-07-23] [4-0-0-0x62ebc0-sWaitForToken]: got token<_PEO>
C> (client:14947:0x2ac96d503b20) [2010-11-30:12-07-23] [4-0-0-0x62ebc0-MqLinkConnect]: END
C> (client:14947:0x2ac96d503b20) [2010-11-30:12-07-23] [2-0-0-0x62ebc0-MqLinkCreate]: END string<no>, silent<no>, debug<9>, endian<0>
C> (client:14947:0x2ac96d503b20) [2010-11-30:12-07-23] [6-0-0-0x62ebc0-MqProcessEvent]: START
S> (server:14948:0x2ab01eed6b20) [2010-11-30:12-07-23] [6-0-1-0x630010-pWaitOnEvent]: END-OK
C> (client:14947:0x2ac96d503b20) [2010-11-30:12-07-23] [6-0-1-0x62ebc0-pWaitOnEvent]: START loop
S> (server:14948:0x2ab01eed6b20) [2010-11-30:12-07-23] [6-0-2-0x630010-sMqEventStart]: START
S> (server:14948:0x2ab01eed6b20) [2010-11-30:12-07-23] [5-0-2-0x630010-pReadHDR]: HEADER <HDR+       0+     401+ECOU+1++++S+> ...
S> (server:14948:0x2ab01eed6b20) [2010-11-30:12-07-23] [6-0-2-0x630010-pReadHDR]: BDY -> 1025 bytes
S> (server:14948:0x2ab01eed6b20) [2010-11-30:12-07-23] [7-0-2-0x630010-pReadHDR]: >>>>> BDY size<1012> numItems<1>
S> (server:14948:0x2ab01eed6b20) [2010-11-30:12-07-23] [7-0-2-0x630010-pReadHDR]:    1000 : BIN : ?binary?
S> (server:14948:0x2ab01eed6b20) [2010-11-30:12-07-23] [7-0-2-0x630010-pReadHDR]: <<<<< BDY
S> (server:14948:0x2ab01eed6b20) [2010-11-30:12-07-23] [5-0-2-0x630010-pTokenCheckSystem]: check token<ECOU>
C> (client:14947:0x2ac96d503b20) [2010-11-30:12-07-23] [6-0-1-0x62ebc0-pWaitOnEvent]: END-OK
S> (server:14948:0x2ab01eed6b20) [2010-11-30:12-07-23] [6-0-1-0x630010-pWaitOnEvent]: START loop
C> (client:14947:0x2ac96d503b20) [2010-11-30:12-07-23] [6-0-2-0x62ebc0-sMqEventStart]: START
C> (client:14947:0x2ac96d503b20) [2010-11-30:12-07-23] [5-0-2-0x62ebc0-pReadHDR]: HEADER <HDR+       0+     401+_RET+1++++O+> ...
C> (client:14947:0x2ac96d503b20) [2010-11-30:12-07-23] [6-0-2-0x62ebc0-pReadHDR]: BDY -> 1025 bytes
C> (client:14947:0x2ac96d503b20) [2010-11-30:12-07-23] [7-0-2-0x62ebc0-pReadHDR]: >>>>> BDY size<1012> numItems<1>
C> (client:14947:0x2ac96d503b20) [2010-11-30:12-07-23] [7-0-2-0x62ebc0-pReadHDR]:    1000 : BIN : ?binary?
C> (client:14947:0x2ac96d503b20) [2010-11-30:12-07-23] [7-0-2-0x62ebc0-pReadHDR]: <<<<< BDY
C> (client:14947:0x2ac96d503b20) [2010-11-30:12-07-23] [5-0-2-0x62ebc0-pTokenCheckSystem]: check token<_RET>
C> (client:14947:0x2ac96d503b20) [2010-11-30:12-07-23] [6-0-1-0x62ebc0-MqProcessEvent]: END-OK
C> (client:14947:0x2ac96d503b20) [2010-11-30:12-07-23] [0-0-0-0x62ebc0-main]: start: --------------------------------------
S> (server:14948:0x2ab01eed6b20) [2010-11-30:12-07-23] [6-0-1-0x630010-pWaitOnEvent]: END-OK
S> (server:14948:0x2ab01eed6b20) [2010-11-30:12-07-23] [6-0-2-0x630010-sMqEventStart]: START
C> (client:14947:0x2ac96d503b20) [2010-11-30:12-07-23] [6-0-1-0x62ebc0-pWaitOnEvent]: START loop
S> (server:14948:0x2ab01eed6b20) [2010-11-30:12-07-23] [5-0-2-0x630010-pReadHDR]: HEADER <HDR+       0+      35+ECUL+1++++S+> ...
S> (server:14948:0x2ab01eed6b20) [2010-11-30:12-07-23] [6-0-2-0x630010-pReadHDR]: BDY -> 53 bytes
S> (server:14948:0x2ab01eed6b20) [2010-11-30:12-07-23] [7-0-2-0x630010-pReadHDR]: >>>>> BDY size<40> numItems<5>
S> (server:14948:0x2ab01eed6b20) [2010-11-30:12-07-23] [7-0-2-0x630010-pReadHDR]:       1 : BYT : -128
S> (server:14948:0x2ab01eed6b20) [2010-11-30:12-07-23] [7-0-2-0x630010-pReadHDR]:       2 : SRT : -32768
S> (server:14948:0x2ab01eed6b20) [2010-11-30:12-07-23] [7-0-2-0x630010-pReadHDR]:       4 : INT : -2147483648
S> (server:14948:0x2ab01eed6b20) [2010-11-30:12-07-23] [7-0-2-0x630010-pReadHDR]:       8 : WID : -9223372036854775808
S> (server:14948:0x2ab01eed6b20) [2010-11-30:12-07-23] [7-0-2-0x630010-pReadHDR]:       1 : BIN : ?binary?
S> (server:14948:0x2ab01eed6b20) [2010-11-30:12-07-23] [7-0-2-0x630010-pReadHDR]: <<<<< BDY
S> (server:14948:0x2ab01eed6b20) [2010-11-30:12-07-23] [5-0-2-0x630010-pTokenCheckSystem]: check token<ECUL>
S> (server:14948:0x2ab01eed6b20) [2010-11-30:12-07-23] [6-0-2-0x630010-sMqEventStart]: END-OK
C> (client:14947:0x2ac96d503b20) [2010-11-30:12-07-23] [6-0-1-0x62ebc0-pWaitOnEvent]: END-OK
S> (server:14948:0x2ab01eed6b20) [2010-11-30:12-07-23] [6-0-1-0x630010-pWaitOnEvent]: START loop
C> (client:14947:0x2ac96d503b20) [2010-11-30:12-07-23] [6-0-2-0x62ebc0-sMqEventStart]: START
C> (client:14947:0x2ac96d503b20) [2010-11-30:12-07-23] [5-0-2-0x62ebc0-pReadHDR]: HEADER <HDR+       0+      35+_RET+1++++O+> ...
C> (client:14947:0x2ac96d503b20) [2010-11-30:12-07-23] [6-0-2-0x62ebc0-pReadHDR]: BDY -> 53 bytes
C> (client:14947:0x2ac96d503b20) [2010-11-30:12-07-23] [7-0-2-0x62ebc0-pReadHDR]: >>>>> BDY size<40> numItems<5>
C> (client:14947:0x2ac96d503b20) [2010-11-30:12-07-23] [7-0-2-0x62ebc0-pReadHDR]:       1 : BYT : -128
C> (client:14947:0x2ac96d503b20) [2010-11-30:12-07-23] [7-0-2-0x62ebc0-pReadHDR]:       2 : SRT : -32768
C> (client:14947:0x2ac96d503b20) [2010-11-30:12-07-23] [7-0-2-0x62ebc0-pReadHDR]:       4 : INT : -2147483648
C> (client:14947:0x2ac96d503b20) [2010-11-30:12-07-23] [7-0-2-0x62ebc0-pReadHDR]:       8 : WID : -9223372036854775808
C> (client:14947:0x2ac96d503b20) [2010-11-30:12-07-23] [7-0-2-0x62ebc0-pReadHDR]:       1 : BIN : ?binary?
C> (client:14947:0x2ac96d503b20) [2010-11-30:12-07-23] [7-0-2-0x62ebc0-pReadHDR]: <<<<< BDY
C> (client:14947:0x2ac96d503b20) [2010-11-30:12-07-23] [5-0-2-0x62ebc0-pTokenCheckSystem]: check token<_RET>
C> (client:14947:0x2ac96d503b20) [2010-11-30:12-07-23] [6-0-1-0x62ebc0-MqProcessEvent]: END-OK
C> (client:14947:0x2ac96d503b20) [2010-11-30:12-07-23] [0-0-0-0x62ebc0-statistics]:             MqSendEND_AND_WAIT:     503.00
C> (client:14947:0x2ac96d503b20) [2010-11-30:12-07-23] [0-0-0-0x62ebc0-main]: end: ----------------------------------------
C> (client:14947:0x2ac96d503b20) [2010-11-30:12-07-23] [3-0-0-0x62ebc0-MqExitP]: called from 'main'
C> (client:14947:0x2ac96d503b20) [2010-11-30:12-07-23] [4-0-0-0x62ebc0-pMqShutdown]: START - called from 'MqLinkDelete'
C> (client:14947:0x2ac96d503b20) [2010-11-30:12-07-23] [4-0-0-0x62ebc0-pMqShutdown]: send token<_SHD>
S> (server:14948:0x2ab01eed6b20) [2010-11-30:12-07-23] [6-0-1-0x630010-pWaitOnEvent]: END-OK
C> (client:14947:0x2ac96d503b20) [2010-11-30:12-07-23] [6-0-1-0x62ebc0-pWaitOnEvent]: START loop
S> (server:14948:0x2ab01eed6b20) [2010-11-30:12-07-23] [6-0-2-0x630010-sMqEventStart]: START
S> (server:14948:0x2ab01eed6b20) [2010-11-30:12-07-23] [5-0-2-0x630010-pReadHDR]: HEADER <HDR+       0+       0+_SHD+1++++S+> ...
S> (server:14948:0x2ab01eed6b20) [2010-11-30:12-07-23] [5-0-2-0x630010-pTokenCheckSystem]: check token<_SHD>
S> (server:14948:0x2ab01eed6b20) [2010-11-30:12-07-23] [4-0-3-0x630010-pMqShutdown]: START - called from 'MqLinkDelete'
C> (client:14947:0x2ac96d503b20) [2010-11-30:12-07-23] [6-0-1-0x62ebc0-pWaitOnEvent]: END-OK
C> (client:14947:0x2ac96d503b20) [2010-11-30:12-07-23] [6-0-2-0x62ebc0-sMqEventStart]: START
C> (client:14947:0x2ac96d503b20) [2010-11-30:12-07-23] [5-0-2-0x62ebc0-pReadHDR]: HEADER <HDR+       0+       0+_RET+1++++O+> ...
C> (client:14947:0x2ac96d503b20) [2010-11-30:12-07-23] [5-0-2-0x62ebc0-pTokenCheckSystem]: check token<_RET>
C> (client:14947:0x2ac96d503b20) [2010-11-30:12-07-23] [6-0-1-0x62ebc0-MqProcessEvent]: END-OK
S> (server:14948:0x2ab01eed6b20) [2010-11-30:12-07-23] [2-0-3-0x630010-MqLinkDelete]: DELETE 
C> (client:14947:0x2ac96d503b20) [2010-11-30:12-07-23] [4-0-0-0x62ebc0-pEventDel]: sock<3> DataLCur<0>
S> (server:14948:0x2ab01eed6b20) [2010-11-30:12-07-23] [3-0-2-0x630010-MqErrorSetEXITP]: called from pTokenCheckSystem
C> (client:14947:0x2ac96d503b20) [2010-11-30:12-07-23] [4-0-0-0x62ebc0-pMqShutdown]: END shutdown
S> (server:14948:0x2ab01eed6b20) [2010-11-30:12-07-23] [5-0-2-0x630010-sMqEventStart]: detect EXIT in file 'service.c'
C> (client:14947:0x2ac96d503b20) [2010-11-30:12-07-23] [4-0-0-0x62ebc0-pEventDel]: sock<-1> DataLCur<0>
S> (server:14948:0x2ab01eed6b20) [2010-11-30:12-07-23] [5-0-1-0x630010-pEventStart]: detect EXIT in file 'event.c'
C> (client:14947:0x2ac96d503b20) [2010-11-30:12-07-23] [5-0-0-0x62ebc0-SysCloseSocket]: PipeDelete - shutdown socket<3>
S> (server:14948:0x2ab01eed6b20) [2010-11-30:12-07-23] [5-0-1-0x630010-MqProcessEvent]: detect EXIT in file 'service.c'
C> (client:14947:0x2ac96d503b20) [2010-11-30:12-07-23] [5-0-0-0x62ebc0-SysCloseSocket]: PipeDelete - close socket<3>
S> (server:14948:0x2ab01eed6b20) [2010-11-30:12-07-23] [3-0-0-0x630010-MqExitP]: called from 'main'
C> (client:14947:0x2ac96d503b20) [2010-11-30:12-07-23] [2-0-0-0x62ebc0-MqLinkDelete]: DELETE 
